app/admin/students/[id]/page.tsx(77,10): error TS17008: JSX element 'div' has no corresponding closing tag.
app/admin/students/[id]/page.tsx(97,14): error TS17008: JSX element 'Tabs' has no corresponding closing tag.
app/admin/students/[id]/page.tsx(98,18): error TS17008: JSX element 'TabsList' has no corresponding closing tag.
app/admin/students/[id]/page.tsx(418,23): error TS17002: Expected corresponding JSX closing tag for 'TabsTrigger'.
app/admin/students/[id]/page.tsx(420,1): error TS1381: Unexpected token. Did you mean `{'}'}` or `&rbrace;`?
app/admin/students/[id]/page.tsx(421,1): error TS1005: '</' expected.
